Flutter crash report.
Please report a bug at https://github.com/flutter/flutter/issues.

## command

flutter test --machine --start-paused --name ^AdapterDao --run-skipped -d F942CEF9-B08F-4F1C-88D9-476297A7C965 /Users/jaxy/mobile /doublevpartners/test/dao/adapter_dao_test.dart

## exception

StateError: Bad state: Cannot add event while adding stream.

```
#0      _GuaranteeSink.addError (package:stream_channel/src/guarantee_channel.dart:132:7)
#1      FlutterPlatform._startTest.finalize (package:flutter_tools/src/test/flutter_platform.dart:598:37)
<asynchronous suspension>
#2      Future.wait.<anonymous closure> (dart:async/future.dart:525:21)
<asynchronous suspension>
#3      _DefaultShutdownHooks.runShutdownHooks (package:flutter_tools/src/base/process.dart:73:7)
<asynchronous suspension>
#4      exitWithHooks (package:flutter_tools/src/base/process.dart:648:3)
<asynchronous suspension>
#5      LocalSignals._handleSignal (package:flutter_tools/src/base/signals.dart:144:7)
<asynchronous suspension>
```

## flutter doctor

```
[✓] Flutter (Channel stable, 3.35.2, on macOS 15.6.1 24G90 darwin-arm64, locale es-CO) [505ms]
    • Flutter version 3.35.2 on channel stable at /Users/jaxy/development/flutter
    • Upstream repository https://github.com/flutter/flutter.git
    • Framework revision 05db968908 (9 weeks ago), 2025-08-25 10:21:35 -0700
    • Engine revision a8bfdfc394
    • Dart version 3.9.0
    • DevTools version 2.48.0
    • Feature flags: enable-web, enable-linux-desktop, enable-macos-desktop, enable-windows-desktop, enable-android, enable-ios, cli-animations, enable-lldb-debugging

[!] Android toolchain - develop for Android devices (Android SDK version 36.0.0-rc4) [3,6s]
    • Android SDK at /Users/jaxy/Library/Android/sdk
    • Emulator version 35.3.11.0 (build_id 12836668) (CL:N/A)
    • Platform android-36, build-tools 36.0.0-rc4
    • ANDROID_HOME = /Users/jaxy/Library/Android/sdk
    • Java binary at: /Applications/Android Studio Preview.app/Contents/jbr/Contents/Home/bin/java
      This is the JDK bundled with the latest Android Studio installation on this machine.
      To manually set the JDK path, use: `flutter config --jdk-dir="path/to/jdk"`.
    • Java version OpenJDK Runtime Environment (build 21.0.5+-12932927-b750.29)
    ! Some Android licenses not accepted. To resolve this, run: flutter doctor --android-licenses

[✓] Xcode - develop for iOS and macOS (Xcode 26.0.1) [3,0s]
    • Xcode at /Applications/Xcode.app/Contents/Developer
    • Build 17A400
    • CocoaPods version 1.16.2

[✓] Chrome - develop for the web [36ms]
    • Chrome at /Applications/Google Chrome.app/Contents/MacOS/Google Chrome

[✓] Android Studio (version 2024.3.2) [35ms]
    • Android Studio at /Applications/Android Studio Preview.app/Contents
    • Flutter plugin can be installed from:
      🔨 https://plugins.jetbrains.com/plugin/9212-flutter
    • Dart plugin can be installed from:
      🔨 https://plugins.jetbrains.com/plugin/6351-dart
    • Java version OpenJDK Runtime Environment (build 21.0.5+-12932927-b750.29)

[✓] IntelliJ IDEA Community Edition (version 2024.2.3) [34ms]
    • IntelliJ at /Applications/IntelliJ IDEA CE.app
    • Flutter plugin can be installed from:
      🔨 https://plugins.jetbrains.com/plugin/9212-flutter
    • Dart plugin can be installed from:
      🔨 https://plugins.jetbrains.com/plugin/6351-dart

[✓] VS Code (version 1.105.1) [8ms]
    • VS Code at /Applications/Visual Studio Code.app/Contents
    • Flutter extension version 3.120.0

[✓] Connected device (3 available) [8,3s]
    • iPhone 16 Pro Max (mobile) • F942CEF9-B08F-4F1C-88D9-476297A7C965 • ios            • com.apple.CoreSimulator.SimRuntime.iOS-18-2 (simulator)
    • macOS (desktop)            • macos                                • darwin-arm64   • macOS 15.6.1 24G90 darwin-arm64
    • Chrome (web)               • chrome                               • web-javascript • Google Chrome 141.0.7390.123
    ! Error: Browsing on the local area network for JAXY. Ensure the device is unlocked and attached with a cable or associated with the same local area network as this Mac.
      The device must be opted into Developer Mode to connect wirelessly. (code -27)

[✓] Network resources [624ms]
    • All expected network resources are available.

! Doctor found issues in 1 category.
```
